I have entered number into ignore calculator
I press opname
the stored result should be expected
